// Jest Snapshot v1, https://goo.gl/fbAQLP

exports[`[Component] - Loading should render component loading 1`] = `
<DocumentFragment>
  <div
    class="sc-braxZu hNzEkH"
  />
  <div
    class="sc-gJhJTp fthsbe"
  />
</DocumentFragment>
`;
